Archive member included to satisfy reference by file (symbol)

c:/st/stm32cubeide_1.12.1/stm32cubeide/plugins/com.st.stm32cube.ide.mcu.externaltools.gnu-tools-for-stm32.10.3-2021.10.win32_1.0.200.202301161003/tools/bin/../lib/gcc/arm-none-eabi/10.3.1/../../../../arm-none-eabi/lib/thumb/v6-m/nofp\libc_nano.a(lib_a-errno.o)
                              ./Core/Src/syscalls.o (__errno)
c:/st/stm32cubeide_1.12.1/stm32cubeide/plugins/com.st.stm32cube.ide.mcu.externaltools.gnu-tools-for-stm32.10.3-2021.10.win32_1.0.200.202301161003/tools/bin/../lib/gcc/arm-none-eabi/10.3.1/../../../../arm-none-eabi/lib/thumb/v6-m/nofp\libc_nano.a(lib_a-exit.o)
                              c:/st/stm32cubeide_1.12.1/stm32cubeide/plugins/com.st.stm32cube.ide.mcu.externaltools.gnu-tools-for-stm32.10.3-2021.10.win32_1.0.200.202301161003/tools/bin/../lib/gcc/arm-none-eabi/10.3.1/../../../../arm-none-eabi/lib/thumb/v6-m/nofp/crt0.o (exit)
c:/st/stm32cubeide_1.12.1/stm32cubeide/plugins/com.st.stm32cube.ide.mcu.externaltools.gnu-tools-for-stm32.10.3-2021.10.win32_1.0.200.202301161003/tools/bin/../lib/gcc/arm-none-eabi/10.3.1/../../../../arm-none-eabi/lib/thumb/v6-m/nofp\libc_nano.a(lib_a-impure.o)
                              c:/st/stm32cubeide_1.12.1/stm32cubeide/plugins/com.st.stm32cube.ide.mcu.externaltools.gnu-tools-for-stm32.10.3-2021.10.win32_1.0.200.202301161003/tools/bin/../lib/gcc/arm-none-eabi/10.3.1/../../../../arm-none-eabi/lib/thumb/v6-m/nofp\libc_nano.a(lib_a-exit.o) (_global_impure_ptr)
c:/st/stm32cubeide_1.12.1/stm32cubeide/plugins/com.st.stm32cube.ide.mcu.externaltools.gnu-tools-for-stm32.10.3-2021.10.win32_1.0.200.202301161003/tools/bin/../lib/gcc/arm-none-eabi/10.3.1/../../../../arm-none-eabi/lib/thumb/v6-m/nofp\libc_nano.a(lib_a-init.o)
                              c:/st/stm32cubeide_1.12.1/stm32cubeide/plugins/com.st.stm32cube.ide.mcu.externaltools.gnu-tools-for-stm32.10.3-2021.10.win32_1.0.200.202301161003/tools/bin/../lib/gcc/arm-none-eabi/10.3.1/../../../../arm-none-eabi/lib/thumb/v6-m/nofp/crt0.o (__libc_init_array)
c:/st/stm32cubeide_1.12.1/stm32cubeide/plugins/com.st.stm32cube.ide.mcu.externaltools.gnu-tools-for-stm32.10.3-2021.10.win32_1.0.200.202301161003/tools/bin/../lib/gcc/arm-none-eabi/10.3.1/../../../../arm-none-eabi/lib/thumb/v6-m/nofp\libc_nano.a(lib_a-memset.o)
                              c:/st/stm32cubeide_1.12.1/stm32cubeide/plugins/com.st.stm32cube.ide.mcu.externaltools.gnu-tools-for-stm32.10.3-2021.10.win32_1.0.200.202301161003/tools/bin/../lib/gcc/arm-none-eabi/10.3.1/../../../../arm-none-eabi/lib/thumb/v6-m/nofp/crt0.o (memset)
c:/st/stm32cubeide_1.12.1/stm32cubeide/plugins/com.st.stm32cube.ide.mcu.externaltools.gnu-tools-for-stm32.10.3-2021.10.win32_1.0.200.202301161003/tools/bin/../lib/gcc/arm-none-eabi/10.3.1/thumb/v6-m/nofp\libgcc.a(_udivsi3.o)
                              ./Core/Src/system_stm32c0xx.o (__aeabi_uidiv)
c:/st/stm32cubeide_1.12.1/stm32cubeide/plugins/com.st.stm32cube.ide.mcu.externaltools.gnu-tools-for-stm32.10.3-2021.10.win32_1.0.200.202301161003/tools/bin/../lib/gcc/arm-none-eabi/10.3.1/thumb/v6-m/nofp\libgcc.a(_divsi3.o)
                              ./Drivers/STM32C0xx_HAL_Driver/Src/stm32c0xx_hal_uart_ex.o (__aeabi_idiv)
c:/st/stm32cubeide_1.12.1/stm32cubeide/plugins/com.st.stm32cube.ide.mcu.externaltools.gnu-tools-for-stm32.10.3-2021.10.win32_1.0.200.202301161003/tools/bin/../lib/gcc/arm-none-eabi/10.3.1/thumb/v6-m/nofp\libgcc.a(_dvmd_tls.o)
                              c:/st/stm32cubeide_1.12.1/stm32cubeide/plugins/com.st.stm32cube.ide.mcu.externaltools.gnu-tools-for-stm32.10.3-2021.10.win32_1.0.200.202301161003/tools/bin/../lib/gcc/arm-none-eabi/10.3.1/thumb/v6-m/nofp\libgcc.a(_udivsi3.o) (__aeabi_idiv0)

Discarded input sections

 .text          0x0000000000000000        0x0 c:/st/stm32cubeide_1.12.1/stm32cubeide/plugins/com.st.stm32cube.ide.mcu.externaltools.gnu-tools-for-stm32.10.3-2021.10.win32_1.0.200.202301161003/tools/bin/../lib/gcc/arm-none-eabi/10.3.1/thumb/v6-m/nofp/crti.o
 .data          0x0000000000000000        0x0 c:/st/stm32cubeide_1.12.1/stm32cubeide/plugins/com.st.stm32cube.ide.mcu.externaltools.gnu-tools-for-stm32.10.3-2021.10.win32_1.0.200.202301161003/tools/bin/../lib/gcc/arm-none-eabi/10.3.1/thumb/v6-m/nofp/crti.o
 .bss           0x0000000000000000        0x0 c:/st/stm32cubeide_1.12.1/stm32cubeide/plugins/com.st.stm32cube.ide.mcu.externaltools.gnu-tools-for-stm32.10.3-2021.10.win32_1.0.200.202301161003/tools/bin/../lib/gcc/arm-none-eabi/10.3.1/thumb/v6-m/nofp/crti.o
 .data          0x0000000000000000        0x4 c:/st/stm32cubeide_1.12.1/stm32cubeide/plugins/com.st.stm32cube.ide.mcu.externaltools.gnu-tools-for-stm32.10.3-2021.10.win32_1.0.200.202301161003/tools/bin/../lib/gcc/arm-none-eabi/10.3.1/thumb/v6-m/nofp/crtbegin.o
[...]
Memory Configuration

Name             Origin             Length             Attributes
RAM              0x0000000020000000 0x0000000000001800 xrw
FLASH            0x0000000008000000 0x0000000000004000 xr
*default*        0x0000000000000000 0xffffffffffffffff

Linker script and memory map

LOAD c:/st/stm32cubeide_1.12.1/stm32cubeide/plugins/com.st.stm32cube.ide.mcu.externaltools.gnu-tools-for-stm32.10.3-2021.10.win32_1.0.200.202301161003/tools/bin/../lib/gcc/arm-none-eabi/10.3.1/thumb/v6-m/nofp/crti.o
LOAD c:/st/stm32cubeide_1.12.1/stm32cubeide/plugins/com.st.stm32cube.ide.mcu.externaltools.gnu-tools-for-stm32.10.3-2021.10.win32_1.0.200.202301161003/tools/bin/../lib/gcc/arm-none-eabi/10.3.1/thumb/v6-m/nofp/crtbegin.o
LOAD c:/st/stm32cubeide_1.12.1/stm32cubeide/plugins/com.st.stm32cube.ide.mcu.externaltools.gnu-tools-for-stm32.10.3-2021.10.win32_1.0.200.202301161003/tools/bin/../lib/gcc/arm-none-eabi/10.3.1/../../../../arm-none-eabi/lib/thumb/v6-m/nofp/crt0.o
LOAD ./Core/Src/main.o
LOAD ./Core/Src/stm32c0xx_hal_msp.o
LOAD ./Core/Src/stm32c0xx_it.o
LOAD ./Core/Src/syscalls.o
LOAD ./Core/Src/sysmem.o
LOAD ./Core/Src/system_stm32c0xx.o
LOAD ./Core/Startup/startup_stm32c011f4px.o
LOAD ./Drivers/STM32C0xx_HAL_Driver/Src/stm32c0xx_hal.o
LOAD ./Drivers/STM32C0xx_HAL_Driver/Src/stm32c0xx_hal_cortex.o
LOAD ./Drivers/STM32C0xx_HAL_Driver/Src/stm32c0xx_hal_dma.o
LOAD ./Drivers/STM32C0xx_HAL_Driver/Src/stm32c0xx_hal_dma_ex.o
LOAD ./Drivers/STM32C0xx_HAL_Driver/Src/stm32c0xx_hal_exti.o
LOAD ./Drivers/STM32C0xx_HAL_Driver/Src/stm32c0xx_hal_flash.o
LOAD ./Drivers/STM32C0xx_HAL_Driver/Src/stm32c0xx_hal_flash_ex.o
LOAD ./Drivers/STM32C0xx_HAL_Driver/Src/stm32c0xx_hal_gpio.o
LOAD ./Drivers/STM32C0xx_HAL_Driver/Src/stm32c0xx_hal_pwr.o
LOAD ./Drivers/STM32C0xx_HAL_Driver/Src/stm32c0xx_hal_pwr_ex.o
LOAD ./Drivers/STM32C0xx_HAL_Driver/Src/stm32c0xx_hal_rcc.o
LOAD ./Drivers/STM32C0xx_HAL_Driver/Src/stm32c0xx_hal_rcc_ex.o
LOAD ./Drivers/STM32C0xx_HAL_Driver/Src/stm32c0xx_hal_tim.o
LOAD ./Drivers/STM32C0xx_HAL_Driver/Src/stm32c0xx_hal_tim_ex.o
LOAD ./Drivers/STM32C0xx_HAL_Driver/Src/stm32c0xx_hal_uart.o
LOAD ./Drivers/STM32C0xx_HAL_Driver/Src/stm32c0xx_hal_uart_ex.o
START GROUP
LOAD c:/st/stm32cubeide_1.12.1/stm32cubeide/plugins/com.st.stm32cube.ide.mcu.externaltools.gnu-tools-for-stm32.10.3-2021.10.win32_1.0.200.202301161003/tools/bin/../lib/gcc/arm-none-eabi/10.3.1/../../../../arm-none-eabi/lib/thumb/v6-m/nofp\libc_nano.a
LOAD c:/st/stm32cubeide_1.12.1/stm32cubeide/plugins/com.st.stm32cube.ide.mcu.externaltools.gnu-tools-for-stm32.10.3-2021.10.win32_1.0.200.202301161003/tools/bin/../lib/gcc/arm-none-eabi/10.3.1/../../../../arm-none-eabi/lib/thumb/v6-m/nofp\libm.a
END GROUP
START GROUP
LOAD c:/st/stm32cubeide_1.12.1/stm32cubeide/plugins/com.st.stm32cube.ide.mcu.externaltools.gnu-tools-for-stm32.10.3-2021.10.win32_1.0.200.202301161003/tools/bin/../lib/gcc/arm-none-eabi/10.3.1/thumb/v6-m/nofp\libgcc.a
LOAD c:/st/stm32cubeide_1.12.1/stm32cubeide/plugins/com.st.stm32cube.ide.mcu.externaltools.gnu-tools-for-stm32.10.3-2021.10.win32_1.0.200.202301161003/tools/bin/../lib/gcc/arm-none-eabi/10.3.1/../../../../arm-none-eabi/lib/thumb/v6-m/nofp\libc_nano.a
END GROUP
START GROUP
LOAD c:/st/stm32cubeide_1.12.1/stm32cubeide/plugins/com.st.stm32cube.ide.mcu.externaltools.gnu-tools-for-stm32.10.3-2021.10.win32_1.0.200.202301161003/tools/bin/../lib/gcc/arm-none-eabi/10.3.1/thumb/v6-m/nofp\libgcc.a
LOAD c:/st/stm32cubeide_1.12.1/stm32cubeide/plugins/com.st.stm32cube.ide.mcu.externaltools.gnu-tools-for-stm32.10.3-2021.10.win32_1.0.200.202301161003/tools/bin/../lib/gcc/arm-none-eabi/10.3.1/../../../../arm-none-eabi/lib/thumb/v6-m/nofp\libc_nano.a
LOAD c:/st/stm32cubeide_1.12.1/stm32cubeide/plugins/com.st.stm32cube.ide.mcu.externaltools.gnu-tools-for-stm32.10.3-2021.10.win32_1.0.200.202301161003/tools/bin/../lib/gcc/arm-none-eabi/10.3.1/../../../../arm-none-eabi/lib/thumb/v6-m/nofp\libnosys.a
END GROUP
START GROUP
LOAD c:/st/stm32cubeide_1.12.1/stm32cubeide/plugins/com.st.stm32cube.ide.mcu.externaltools.gnu-tools-for-stm32.10.3-2021.10.win32_1.0.200.202301161003/tools/bin/../lib/gcc/arm-none-eabi/10.3.1/thumb/v6-m/nofp\libgcc.a
LOAD c:/st/stm32cubeide_1.12.1/stm32cubeide/plugins/com.st.stm32cube.ide.mcu.externaltools.gnu-tools-for-stm32.10.3-2021.10.win32_1.0.200.202301161003/tools/bin/../lib/gcc/arm-none-eabi/10.3.1/../../../../arm-none-eabi/lib/thumb/v6-m/nofp\libc_nano.a
LOAD c:/st/stm32cubeide_1.12.1/stm32cubeide/plugins/com.st.stm32cube.ide.mcu.externaltools.gnu-tools-for-stm32.10.3-2021.10.win32_1.0.200.202301161003/tools/bin/../lib/gcc/arm-none-eabi/10.3.1/../../../../arm-none-eabi/lib/thumb/v6-m/nofp\libnosys.a
END GROUP
LOAD c:/st/stm32cubeide_1.12.1/stm32cubeide/plugins/com.st.stm32cube.ide.mcu.externaltools.gnu-tools-for-stm32.10.3-2021.10.win32_1.0.200.202301161003/tools/bin/../lib/gcc/arm-none-eabi/10.3.1/thumb/v6-m/nofp/crtend.o
LOAD c:/st/stm32cubeide_1.12.1/stm32cubeide/plugins/com.st.stm32cube.ide.mcu.externaltools.gnu-tools-for-stm32.10.3-2021.10.win32_1.0.200.202301161003/tools/bin/../lib/gcc/arm-none-eabi/10.3.1/thumb/v6-m/nofp/crtn.o
                0x0000000020001800                _estack = (ORIGIN (RAM) + LENGTH (RAM))
                0x0000000000000200                _Min_Heap_Size = 0x200
                0x0000000000000400                _Min_Stack_Size = 0x400

.isr_vector     0x0000000008000000       0xc0
                0x0000000008000000                . = ALIGN (0x4)
 *(.isr_vector)
 .isr_vector    0x0000000008000000       0xc0 ./Core/Startup/startup_stm32c011f4px.o
                0x0000000008000000                g_pfnVectors
                0x00000000080000c0                . = ALIGN (0x4)

.text           0x00000000080000c0     0x3eac
                0x00000000080000c0                . = ALIGN (0x4)
 *(.text)
 .text          0x00000000080000c0       0x48 c:/st/stm32cubeide_1.12.1/stm32cubeide/plugins/com.st.stm32cube.ide.mcu.externaltools.gnu-tools-for-stm32.10.3-2021.10.win32_1.0.200.202301161003/tools/bin/../lib/gcc/arm-none-eabi/10.3.1/thumb/v6-m/nofp/crtbegin.o
 .text          0x0000000008000108      0x114 c:/st/stm32cubeide_1.12.1/stm32cubeide/plugins/com.st.stm32cube.ide.mcu.externaltools.gnu-tools-for-stm32.10.3-2021.10.win32_1.0.200.202301161003/tools/bin/../lib/gcc/arm-none-eabi/10.3.1/thumb/v6-m/nofp\libgcc.a(_udivsi3.o)
                0x0000000008000108                __aeabi_uidiv
                0x0000000008000108                __udivsi3
                0x0000000008000214                __aeabi_uidivmod
 .text          0x000000000800021c      0x1d4 c:/st/stm32cubeide_1.12.1/stm32cubeide/plugins/com.st.stm32cube.ide.mcu.externaltools.gnu-tools-for-stm32.10.3-2021.10.win32_1.0.200.202301161003/tools/bin/../lib/gcc/arm-none-eabi/10.3.1/thumb/v6-m/nofp\libgcc.a(_divsi3.o)
                0x000000000800021c                __divsi3
                0x000000000800021c                __aeabi_idiv
                0x00000000080003e8                __aeabi_idivmod
 .text          0x00000000080003f0        0x4 c:/st/stm32cubeide_1.12.1/stm32cubeide/plugins/com.st.stm32cube.ide.mcu.externaltools.gnu-tools-for-stm32.10.3-2021.10.win32_1.0.200.202301161003/tools/bin/../lib/gcc/arm-none-eabi/10.3.1/thumb/v6-m/nofp\libgcc.a(_dvmd_tls.o)
                0x00000000080003f0                __aeabi_idiv0
                0x00000000080003f0                __aeabi_ldiv0
 *(.text*)
 .text.main     0x00000000080003f4      0x134 ./Core/Src/main.o
                0x00000000080003f4                main
 .text.SystemClock_Config
                0x0000000008000528       0x7a ./Core/Src/main.o
                0x0000000008000528                SystemClock_Config
 *fill*         0x00000000080005a2        0x2 
 .text.MX_TIM1_Init
                0x00000000080005a4      0x198 ./Core/Src/main.o
 .text.MX_USART1_UART_Init
                0x000000000800073c       0x9c ./Core/Src/main.o
 .text.MX_USART2_UART_Init
                0x00000000080007d8       0x68 ./Core/Src/main.o
 .text.MX_DMA_Init
                0x0000000008000840       0x4c ./Core/Src/main.o
 .text.MX_GPIO_Init
                0x000000000800088c       0x5c ./Core/Src/main.o
 .text.Error_Handler
                0x00000000080008e8        0xa ./Core/Src/main.o
                0x00000000080008e8                Error_Handler
 *fill*         0x00000000080008f2        0x2 
 .text.HAL_MspInit
                0x00000000080008f4       0x48 ./Core/Src/stm32c0xx_hal_msp.o
                0x00000000080008f4                HAL_MspInit
 .text.HAL_TIM_Base_MspInit
                0x000000000800093c       0x40 ./Core/Src/stm32c0xx_hal_msp.o
                0x000000000800093c                HAL_TIM_Base_MspInit
 .text.HAL_TIM_MspPostInit
                0x000000000800097c       0xa4 ./Core/Src/stm32c0xx_hal_msp.o
                0x000000000800097c                HAL_TIM_MspPostInit
 .text.HAL_UART_MspInit
                0x0000000008000a20      0x230 ./Core/Src/stm32c0xx_hal_msp.o
                0x0000000008000a20                HAL_UART_MspInit
 .text.NMI_Handler
                0x0000000008000c50        0x6 ./Core/Src/stm32c0xx_it.o
                0x0000000008000c50                NMI_Handler
 .text.HardFault_Handler
                0x0000000008000c56        0x6 ./Core/Src/stm32c0xx_it.o
                0x0000000008000c56                HardFault_Handler
 .text.SVC_Handler
                0x0000000008000c5c        0xa ./Core/Src/stm32c0xx_it.o
                0x0000000008000c5c                SVC_Handler
 .text.PendSV_Handler
                0x0000000008000c66        0xa ./Core/Src/stm32c0xx_it.o
                0x0000000008000c66                PendSV_Handler
 .text.SysTick_Handler
                0x0000000008000c70        0xe ./Core/Src/stm32c0xx_it.o
                0x0000000008000c70                SysTick_Handler
 *fill*         0x0000000008000c7e        0x2 
 .text.DMA1_Channel1_IRQHandler
                0x0000000008000c80       0x18 ./Core/Src/stm32c0xx_it.o
                0x0000000008000c80                DMA1_Channel1_IRQHandler
 .text.DMA1_Channel2_3_IRQHandler
                0x0000000008000c98       0x18 ./Core/Src/stm32c0xx_it.o
                0x0000000008000c98                DMA1_Channel2_3_IRQHandler
 .text.SystemInit
                0x0000000008000cb0       0x18 ./Core/Src/system_stm32c0xx.o
                0x0000000008000cb0                SystemInit
 .text.Reset_Handler
                0x0000000008000cc8       0x50 ./Core/Startup/startup_stm32c011f4px.o
                0x0000000008000cc8                Reset_Handler
 .text.Default_Handler
                0x0000000008000d18        0x2 ./Core/Startup/startup_stm32c011f4px.o
                0x0000000008000d18                TIM1_CC_IRQHandler
                0x0000000008000d18                I2C1_IRQHandler
                0x0000000008000d18                DMAMUX1_IRQHandler
                0x0000000008000d18                SPI1_IRQHandler
                0x0000000008000d18                EXTI2_3_IRQHandler
                0x0000000008000d18                ADC1_IRQHandler
                0x0000000008000d18                TIM17_IRQHandler
                0x0000000008000d18                RTC_IRQHandler
                0x0000000008000d18                TIM16_IRQHandler
                0x0000000008000d18                TIM3_IRQHandler
                0x0000000008000d18                EXTI4_15_IRQHandler
                0x0000000008000d18                RCC_IRQHandler
                0x0000000008000d18                Default_Handler
                0x0000000008000d18                TIM14_IRQHandler
                0x0000000008000d18                EXTI0_1_IRQHandler
                0x0000000008000d18                WWDG_IRQHandler
                0x0000000008000d18                USART2_IRQHandler
                0x0000000008000d18                FLASH_IRQHandler
                0x0000000008000d18                USART1_IRQHandler
                0x0000000008000d18                TIM1_BRK_UP_TRG_COM_IRQHandler
 .text.HAL_Init
                0x0000000008000d1a       0x2e ./Drivers/STM32C0xx_HAL_Driver/Src/stm32c0xx_hal.o
                0x0000000008000d1a                HAL_Init
 .text.HAL_InitTick
                0x0000000008000d48       0x94 ./Drivers/STM32C0xx_HAL_Driver/Src/stm32c0xx_hal.o
                0x0000000008000d48                HAL_InitTick
 .text.HAL_IncTick
                0x0000000008000ddc       0x20 ./Drivers/STM32C0xx_HAL_Driver/Src/stm32c0xx_hal.o
                0x0000000008000ddc                HAL_IncTick
 .text.HAL_GetTick
                0x0000000008000dfc       0x14 ./Drivers/STM32C0xx_HAL_Driver/Src/stm32c0xx_hal.o
                0x0000000008000dfc                HAL_GetTick
 .text.HAL_Delay
                0x0000000008000e10       0x44 ./Drivers/STM32C0xx_HAL_Driver/Src/stm32c0xx_hal.o
                0x0000000008000e10                HAL_Delay
 .text.__NVIC_EnableIRQ
                0x0000000008000e54       0x34 ./Drivers/STM32C0xx_HAL_Driver/Src/stm32c0xx_hal_cortex.o
 .text.__NVIC_SetPriority
                0x0000000008000e88       0xdc ./Drivers/STM32C0xx_HAL_Driver/Src/stm32c0xx_hal_cortex.o
 .text.SysTick_Config
                0x0000000008000f64       0x48 ./Drivers/STM32C0xx_HAL_Driver/Src/stm32c0xx_hal_cortex.o
 .text.HAL_NVIC_SetPriority
                0x0000000008000fac       0x2a ./Drivers/STM32C0xx_HAL_Driver/Src/stm32c0xx_hal_cortex.o
                0x0000000008000fac                HAL_NVIC_SetPriority
 .text.HAL_NVIC_EnableIRQ
                0x0000000008000fd6       0x20 ./Drivers/STM32C0xx_HAL_Driver/Src/stm32c0xx_hal_cortex.o
                0x0000000008000fd6                HAL_NVIC_EnableIRQ
 .text.HAL_SYSTICK_Config
                0x0000000008000ff6       0x1a ./Drivers/STM32C0xx_HAL_Driver/Src/stm32c0xx_hal_cortex.o
                0x0000000008000ff6                HAL_SYSTICK_Config
 .text.HAL_DMA_Init
                0x0000000008001010      0x114 ./Drivers/STM32C0xx_HAL_Driver/Src/stm32c0xx_hal_dma.o
                0x0000000008001010                HAL_DMA_Init
 .text.HAL_DMA_Start_IT
                0x0000000008001124      0x10e ./Drivers/STM32C0xx_HAL_Driver/Src/stm32c0xx_hal_dma.o
                0x0000000008001124                HAL_DMA_Start_IT
 *fill*         0x0000000008001232        0x2 
 .text.HAL_DMA_IRQHandler
                0x0000000008001234      0x164 ./Drivers/STM32C0xx_HAL_Driver/Src/stm32c0xx_hal_dma.o
                0x0000000008001234                HAL_DMA_IRQHandler
 .text.DMA_SetConfig
                0x0000000008001398       0x80 ./Drivers/STM32C0xx_HAL_Driver/Src/stm32c0xx_hal_dma.o
 .text.DMA_CalcDMAMUXChannelBaseAndMask
                0x0000000008001418       0x58 ./Drivers/STM32C0xx_HAL_Driver/Src/stm32c0xx_hal_dma.o
 .text.DMA_CalcDMAMUXRequestGenBaseAndMask
                0x0000000008001470       0x48 ./Drivers/STM32C0xx_HAL_Driver/Src/stm32c0xx_hal_dma.o
 .text.HAL_GPIO_Init
                0x00000000080014b8      0x2d4 ./Drivers/STM32C0xx_HAL_Driver/Src/stm32c0xx_hal_gpio.o
                0x00000000080014b8                HAL_GPIO_Init
 .text.HAL_RCC_OscConfig
                0x000000000800178c      0x3f4 ./Drivers/STM32C0xx_HAL_Driver/Src/stm32c0xx_hal_rcc.o
                0x000000000800178c                HAL_RCC_OscConfig
 .text.HAL_RCC_ClockConfig
                0x0000000008001b80      0x214 ./Drivers/STM32C0xx_HAL_Driver/Src/stm32c0xx_hal_rcc.o
                0x0000000008001b80                HAL_RCC_ClockConfig
 .text.HAL_RCC_GetSysClockFreq
                0x0000000008001d94       0x84 ./Drivers/STM32C0xx_HAL_Driver/Src/stm32c0xx_hal_rcc.o
                0x0000000008001d94                HAL_RCC_GetSysClockFreq
 .text.HAL_RCC_GetHCLKFreq
                0x0000000008001e18       0x14 ./Drivers/STM32C0xx_HAL_Driver/Src/stm32c0xx_hal_rcc.o
                0x0000000008001e18                HAL_RCC_GetHCLKFreq
 .text.HAL_RCC_GetPCLK1Freq
                0x0000000008001e2c       0x30 ./Drivers/STM32C0xx_HAL_Driver/Src/stm32c0xx_hal_rcc.o
                0x0000000008001e2c                HAL_RCC_GetPCLK1Freq
 .text.HAL_RCCEx_PeriphCLKConfig
                0x0000000008001e5c      0x1dc ./Drivers/STM32C0xx_HAL_Driver/Src/stm32c0xx_hal_rcc_ex.o
                0x0000000008001e5c                HAL_RCCEx_PeriphCLKConfig
 .text.HAL_TIM_Base_Init
                0x0000000008002038       0xb0 ./Drivers/STM32C0xx_HAL_Driver/Src/stm32c0xx_hal_tim.o
                0x0000000008002038                HAL_TIM_Base_Init
 .text.HAL_TIM_PWM_Init
                0x00000000080020e8       0xb0 ./Drivers/STM32C0xx_HAL_Driver/Src/stm32c0xx_hal_tim.o
                0x00000000080020e8                HAL_TIM_PWM_Init
 .text.HAL_TIM_PWM_MspInit
                0x0000000008002198       0x10 ./Drivers/STM32C0xx_HAL_Driver/Src/stm32c0xx_hal_tim.o
                0x0000000008002198                HAL_TIM_PWM_MspInit
 .text.HAL_TIM_PWM_ConfigChannel
                0x00000000080021a8      0x200 ./Drivers/STM32C0xx_HAL_Driver/Src/stm32c0xx_hal_tim.o
                0x00000000080021a8                HAL_TIM_PWM_ConfigChannel
 .text.HAL_TIM_ConfigClockSource
                0x00000000080023a8      0x1ac ./Drivers/STM32C0xx_HAL_Driver/Src/stm32c0xx_hal_tim.o
                0x00000000080023a8                HAL_TIM_ConfigClockSource
 .text.TIM_Base_SetConfig
                0x0000000008002554       0xd8 ./Drivers/STM32C0xx_HAL_Driver/Src/stm32c0xx_hal_tim.o
                0x0000000008002554                TIM_Base_SetConfig
 .text.TIM_OC1_SetConfig
                0x000000000800262c      0x100 ./Drivers/STM32C0xx_HAL_Driver/Src/stm32c0xx_hal_tim.o
 .text.TIM_OC2_SetConfig
                0x000000000800272c       0xfc ./Drivers/STM32C0xx_HAL_Driver/Src/stm32c0xx_hal_tim.o
                0x000000000800272c                TIM_OC2_SetConfig
 .text.TIM_OC3_SetConfig
                0x0000000008002828      0x104 ./Drivers/STM32C0xx_HAL_Driver/Src/stm32c0xx_hal_tim.o
 .text.TIM_OC4_SetConfig
                0x000000000800292c       0xc8 ./Drivers/STM32C0xx_HAL_Driver/Src/stm32c0xx_hal_tim.o
 .text.TIM_OC5_SetConfig
                0x00000000080029f4       0xb4 ./Drivers/STM32C0xx_HAL_Driver/Src/stm32c0xx_hal_tim.o
 .text.TIM_OC6_SetConfig
                0x0000000008002aa8       0xbc ./Drivers/STM32C0xx_HAL_Driver/Src/stm32c0xx_hal_tim.o
 .text.TIM_TI1_ConfigInputStage
                0x0000000008002b64       0x5c ./Drivers/STM32C0xx_HAL_Driver/Src/stm32c0xx_hal_tim.o
 .text.TIM_TI2_ConfigInputStage
                0x0000000008002bc0       0x64 ./Drivers/STM32C0xx_HAL_Driver/Src/stm32c0xx_hal_tim.o
 .text.TIM_ITRx_SetConfig
                0x0000000008002c24       0x38 ./Drivers/STM32C0xx_HAL_Driver/Src/stm32c0xx_hal_tim.o
 .text.TIM_ETR_SetConfig
                0x0000000008002c5c       0x40 ./Drivers/STM32C0xx_HAL_Driver/Src/stm32c0xx_hal_tim.o
                0x0000000008002c5c                TIM_ETR_SetConfig
 .text.HAL_TIMEx_MasterConfigSynchronization
                0x0000000008002c9c       0xc4 ./Drivers/STM32C0xx_HAL_Driver/Src/stm32c0xx_hal_tim_ex.o
                0x0000000008002c9c                HAL_TIMEx_MasterConfigSynchronization
 .text.HAL_TIMEx_ConfigBreakDeadTime
                0x0000000008002d60      0x14c ./Drivers/STM32C0xx_HAL_Driver/Src/stm32c0xx_hal_tim_ex.o
                0x0000000008002d60                HAL_TIMEx_ConfigBreakDeadTime
 .text.HAL_UART_Init
                0x0000000008002eac       0xac ./Drivers/STM32C0xx_HAL_Driver/Src/stm32c0xx_hal_uart.o
                0x0000000008002eac                HAL_UART_Init
 .text.HAL_UART_Transmit
                0x0000000008002f58      0x156 ./Drivers/STM32C0xx_HAL_Driver/Src/stm32c0xx_hal_uart.o
                0x0000000008002f58                HAL_UART_Transmit
 .text.HAL_UART_Receive_DMA
                0x00000000080030ae       0xc4 ./Drivers/STM32C0xx_HAL_Driver/Src/stm32c0xx_hal_uart.o
                0x00000000080030ae                HAL_UART_Receive_DMA
 .text.HAL_UART_RxCpltCallback
                0x0000000008003172       0x10 ./Drivers/STM32C0xx_HAL_Driver/Src/stm32c0xx_hal_uart.o
                0x0000000008003172                HAL_UART_RxCpltCallback
 .text.HAL_UART_RxHalfCpltCallback
                0x0000000008003182       0x10 ./Drivers/STM32C0xx_HAL_Driver/Src/stm32c0xx_hal_uart.o
                0x0000000008003182                HAL_UART_RxHalfCpltCallback
 .text.HAL_UART_ErrorCallback
                0x0000000008003192       0x10 ./Drivers/STM32C0xx_HAL_Driver/Src/stm32c0xx_hal_uart.o
                0x0000000008003192                HAL_UART_ErrorCallback
 .text.HAL_UARTEx_RxEventCallback
                0x00000000080031a2       0x16 ./Drivers/STM32C0xx_HAL_Driver/Src/stm32c0xx_hal_uart.o
                0x00000000080031a2                HAL_UARTEx_RxEventCallback
 .text.UART_SetConfig
                0x00000000080031b8      0x2fc ./Drivers/STM32C0xx_HAL_Driver/Src/stm32c0xx_hal_uart.o
                0x00000000080031b8                UART_SetConfig
 .text.UART_AdvFeatureConfig
                0x00000000080034b4      0x168 ./Drivers/STM32C0xx_HAL_Driver/Src/stm32c0xx_hal_uart.o
                0x00000000080034b4                UART_AdvFeatureConfig
 .text.UART_CheckIdleState
                0x000000000800361c       0x94 ./Drivers/STM32C0xx_HAL_Driver/Src/stm32c0xx_hal_uart.o
                0x000000000800361c                UART_CheckIdleState
 .text.UART_WaitOnFlagUntilTimeout
                0x00000000080036b0      0x190 ./Drivers/STM32C0xx_HAL_Driver/Src/stm32c0xx_hal_uart.o
                0x00000000080036b0                UART_WaitOnFlagUntilTimeout
 .text.UART_Start_Receive_DMA
                0x0000000008003840      0x150 ./Drivers/STM32C0xx_HAL_Driver/Src/stm32c0xx_hal_uart.o
                0x0000000008003840                UART_Start_Receive_DMA
 .text.UART_EndTxTransfer
                0x0000000008003990       0x80 ./Drivers/STM32C0xx_HAL_Driver/Src/stm32c0xx_hal_uart.o
 .text.UART_EndRxTransfer
                0x0000000008003a10       0xcc ./Drivers/STM32C0xx_HAL_Driver/Src/stm32c0xx_hal_uart.o
 .text.UART_DMAReceiveCplt
                0x0000000008003adc      0x128 ./Drivers/STM32C0xx_HAL_Driver/Src/stm32c0xx_hal_uart.o
 .text.UART_DMARxHalfCplt
                0x0000000008003c04       0x3c ./Drivers/STM32C0xx_HAL_Driver/Src/stm32c0xx_hal_uart.o
 .text.UART_DMAError
                0x0000000008003c40       0x86 ./Drivers/STM32C0xx_HAL_Driver/Src/stm32c0xx_hal_uart.o
 *fill*         0x0000000008003cc6        0x2 
 .text.HAL_UARTEx_DisableFifoMode
                0x0000000008003cc8       0x74 ./Drivers/STM32C0xx_HAL_Driver/Src/stm32c0xx_hal_uart_ex.o
                0x0000000008003cc8                HAL_UARTEx_DisableFifoMode
 .text.HAL_UARTEx_SetTxFifoThreshold
                0x0000000008003d3c       0x7e ./Drivers/STM32C0xx_HAL_Driver/Src/stm32c0xx_hal_uart_ex.o
                0x0000000008003d3c                HAL_UARTEx_SetTxFifoThreshold
 *fill*         0x0000000008003dba        0x2 
 .text.HAL_UARTEx_SetRxFifoThreshold
                0x0000000008003dbc       0x84 ./Drivers/STM32C0xx_HAL_Driver/Src/stm32c0xx_hal_uart_ex.o
                0x0000000008003dbc                HAL_UARTEx_SetRxFifoThreshold
 .text.UARTEx_SetNbDataToProcess
                0x0000000008003e40       0xbc ./Drivers/STM32C0xx_HAL_Driver/Src/stm32c0xx_hal_uart_ex.o
 .text.__libc_init_array
                0x0000000008003efc       0x48 c:/st/stm32cubeide_1.12.1/stm32cubeide/plugins/com.st.stm32cube.ide.mcu.externaltools.gnu-tools-for-stm32.10.3-2021.10.win32_1.0.200.202301161003/tools/bin/../lib/gcc/arm-none-eabi/10.3.1/../../../../arm-none-eabi/lib/thumb/v6-m/nofp\libc_nano.a(lib_a-init.o)
                0x0000000008003efc                __libc_init_array
 .text.memset   0x0000000008003f44       0x10 c:/st/stm32cubeide_1.12.1/stm32cubeide/plugins/com.st.stm32cube.ide.mcu.externaltools.gnu-tools-for-stm32.10.3-2021.10.win32_1.0.200.202301161003/tools/bin/../lib/gcc/arm-none-eabi/10.3.1/../../../../arm-none-eabi/lib/thumb/v6-m/nofp\libc_nano.a(lib_a-memset.o)
                0x0000000008003f44                memset
 *(.glue_7)
 .glue_7        0x0000000008003f54        0x0 linker stubs
 *(.glue_7t)
 .glue_7t       0x0000000008003f54        0x0 linker stubs
 *(.eh_frame)
 .eh_frame      0x0000000008003f54        0x0 c:/st/stm32cubeide_1.12.1/stm32cubeide/plugins/com.st.stm32cube.ide.mcu.externaltools.gnu-tools-for-stm32.10.3-2021.10.win32_1.0.200.202301161003/tools/bin/../lib/gcc/arm-none-eabi/10.3.1/thumb/v6-m/nofp/crtbegin.o
 *(.init)
 .init          0x0000000008003f54        0x4 c:/st/stm32cubeide_1.12.1/stm32cubeide/plugins/com.st.stm32cube.ide.mcu.externaltools.gnu-tools-for-stm32.10.3-2021.10.win32_1.0.200.202301161003/tools/bin/../lib/gcc/arm-none-eabi/10.3.1/thumb/v6-m/nofp/crti.o
                0x0000000008003f54                _init
 .init          0x0000000008003f58        0x8 c:/st/stm32cubeide_1.12.1/stm32cubeide/plugins/com.st.stm32cube.ide.mcu.externaltools.gnu-tools-for-stm32.10.3-2021.10.win32_1.0.200.202301161003/tools/bin/../lib/gcc/arm-none-eabi/10.3.1/thumb/v6-m/nofp/crtn.o
 *(.fini)
 .fini          0x0000000008003f60        0x4 c:/st/stm32cubeide_1.12.1/stm32cubeide/plugins/com.st.stm32cube.ide.mcu.externaltools.gnu-tools-for-stm32.10.3-2021.10.win32_1.0.200.202301161003/tools/bin/../lib/gcc/arm-none-eabi/10.3.1/thumb/v6-m/nofp/crti.o
                0x0000000008003f60                _fini
 .fini          0x0000000008003f64        0x8 c:/st/stm32cubeide_1.12.1/stm32cubeide/plugins/com.st.stm32cube.ide.mcu.externaltools.gnu-tools-for-stm32.10.3-2021.10.win32_1.0.200.202301161003/tools/bin/../lib/gcc/arm-none-eabi/10.3.1/thumb/v6-m/nofp/crtn.o
                0x0000000008003f6c                . = ALIGN (0x4)
                0x0000000008003f6c                _etext = .

.vfp11_veneer   0x0000000008003f6c        0x0
 .vfp11_veneer  0x0000000008003f6c        0x0 linker stubs

.v4_bx          0x0000000008003f6c        0x0
 .v4_bx         0x0000000008003f6c        0x0 linker stubs

.iplt           0x0000000008003f6c        0x0
 .iplt          0x0000000008003f6c        0x0 c:/st/stm32cubeide_1.12.1/stm32cubeide/plugins/com.st.stm32cube.ide.mcu.externaltools.gnu-tools-for-stm32.10.3-2021.10.win32_1.0.200.202301161003/tools/bin/../lib/gcc/arm-none-eabi/10.3.1/thumb/v6-m/nofp/crtbegin.o

.rodata         0x0000000008003f6c       0xdc
                0x0000000008003f6c                . = ALIGN (0x4)
 *(.rodata)
 *(.rodata*)
 .rodata.AHBPrescTable
                0x0000000008003f6c       0x40 ./Core/Src/system_stm32c0xx.o
                0x0000000008003f6c                AHBPrescTable
 .rodata.APBPrescTable
                0x0000000008003fac       0x20 ./Core/Src/system_stm32c0xx.o
                0x0000000008003fac                APBPrescTable
 .rodata.HAL_TIM_PWM_ConfigChannel
                0x0000000008003fcc       0x54 ./Drivers/STM32C0xx_HAL_Driver/Src/stm32c0xx_hal_tim.o
 .rodata.UARTPrescTable
                0x0000000008004020       0x18 ./Drivers/STM32C0xx_HAL_Driver/Src/stm32c0xx_hal_uart.o
                0x0000000008004020                UARTPrescTable
 .rodata.numerator.1
                0x0000000008004038        0x8 ./Drivers/STM32C0xx_HAL_Driver/Src/stm32c0xx_hal_uart_ex.o
 .rodata.denominator.0
                0x0000000008004040        0x8 ./Drivers/STM32C0xx_HAL_Driver/Src/stm32c0xx_hal_uart_ex.o
                0x0000000008004048                . = ALIGN (0x4)

.rel.dyn        0x0000000008004048        0x0
 .rel.iplt      0x0000000008004048        0x0 c:/st/stm32cubeide_1.12.1/stm32cubeide/plugins/com.st.stm32cube.ide.mcu.externaltools.gnu-tools-for-stm32.10.3-2021.10.win32_1.0.200.202301161003/tools/bin/../lib/gcc/arm-none-eabi/10.3.1/thumb/v6-m/nofp/crtbegin.o

.ARM.extab      0x0000000008004048        0x0
                0x0000000008004048                . = ALIGN (0x4)
 *(.ARM.extab* .gnu.linkonce.armextab.*)
                0x0000000008004048                . = ALIGN (0x4)

.ARM            0x0000000008004048        0x0
                0x0000000008004048                . = ALIGN (0x4)
                0x0000000008004048                __exidx_start = .
 *(.ARM.exidx*)
                0x0000000008004048                __exidx_end = .
                0x0000000008004048                . = ALIGN (0x4)

.preinit_array  0x0000000008004048        0x0
                0x0000000008004048                . = ALIGN (0x4)
                0x0000000008004048                PROVIDE (__preinit_array_start = .)
 *(.preinit_array*)
                0x0000000008004048                PROVIDE (__preinit_array_end = .)
                0x0000000008004048                . = ALIGN (0x4)

.init_array     0x0000000008004048        0x4
                0x0000000008004048                . = ALIGN (0x4)
                0x0000000008004048                PROVIDE (__init_array_start = .)
 *(SORT_BY_NAME(.init_array.*))
 *(.init_array*)
 .init_array    0x0000000008004048        0x4 c:/st/stm32cubeide_1.12.1/stm32cubeide/plugins/com.st.stm32cube.ide.mcu.externaltools.gnu-tools-for-stm32.10.3-2021.10.win32_1.0.200.202301161003/tools/bin/../lib/gcc/arm-none-eabi/10.3.1/thumb/v6-m/nofp/crtbegin.o
                0x000000000800404c                PROVIDE (__init_array_end = .)
                0x000000000800404c                . = ALIGN (0x4)

.fini_array     0x000000000800404c        0x4
                0x000000000800404c                . = ALIGN (0x4)
                [!provide]                        PROVIDE (__fini_array_start = .)
 *(SORT_BY_NAME(.fini_array.*))
 *(.fini_array*)
 .fini_array    0x000000000800404c        0x4 c:/st/stm32cubeide_1.12.1/stm32cubeide/plugins/com.st.stm32cube.ide.mcu.externaltools.gnu-tools-for-stm32.10.3-2021.10.win32_1.0.200.202301161003/tools/bin/../lib/gcc/arm-none-eabi/10.3.1/thumb/v6-m/nofp/crtbegin.o
                [!provide]                        PROVIDE (__fini_array_end = .)
                0x0000000008004050                . = ALIGN (0x4)
                0x0000000008004050                _sidata = LOADADDR (.data)

.data           0x0000000020000000        0xc load address 0x0000000008004050
                0x0000000020000000                . = ALIGN (0x4)
                0x0000000020000000                _sdata = .
 *(.data)
 *(.data*)
 .data.SystemCoreClock
                0x0000000020000000        0x4 ./Core/Src/system_stm32c0xx.o
                0x0000000020000000                SystemCoreClock
 .data.uwTickPrio
                0x0000000020000004        0x4 ./Drivers/STM32C0xx_HAL_Driver/Src/stm32c0xx_hal.o
                0x0000000020000004                uwTickPrio
 .data.uwTickFreq
                0x0000000020000008        0x4 ./Drivers/STM32C0xx_HAL_Driver/Src/stm32c0xx_hal.o
                0x0000000020000008                uwTickFreq
 *(.RamFunc)
 *(.RamFunc*)
                0x000000002000000c                . = ALIGN (0x4)
                0x000000002000000c                _edata = .

.igot.plt       0x000000002000000c        0x0 load address 0x000000000800405c
 .igot.plt      0x000000002000000c        0x0 c:/st/stm32cubeide_1.12.1/stm32cubeide/plugins/com.st.stm32cube.ide.mcu.externaltools.gnu-tools-for-stm32.10.3-2021.10.win32_1.0.200.202301161003/tools/bin/../lib/gcc/arm-none-eabi/10.3.1/thumb/v6-m/nofp/crtbegin.o
                0x000000002000000c                . = ALIGN (0x4)

.bss            0x000000002000000c      0x344 load address 0x000000000800405c
                0x000000002000000c                _sbss = .
                0x000000002000000c                __bss_start__ = _sbss
 *(.bss)
 .bss           0x000000002000000c       0x1c c:/st/stm32cubeide_1.12.1/stm32cubeide/plugins/com.st.stm32cube.ide.mcu.externaltools.gnu-tools-for-stm32.10.3-2021.10.win32_1.0.200.202301161003/tools/bin/../lib/gcc/arm-none-eabi/10.3.1/thumb/v6-m/nofp/crtbegin.o
 *(.bss*)
 .bss.htim1     0x0000000020000028       0x4c ./Core/Src/main.o
                0x0000000020000028                htim1
 .bss.huart1    0x0000000020000074       0x90 ./Core/Src/main.o
                0x0000000020000074                huart1
 .bss.huart2    0x0000000020000104       0x90 ./Core/Src/main.o
                0x0000000020000104                huart2
 .bss.hdma_usart1_rx
                0x0000000020000194       0x5c ./Core/Src/main.o
                0x0000000020000194                hdma_usart1_rx
 .bss.hdma_usart2_rx
                0x00000000200001f0       0x5c ./Core/Src/main.o
                0x00000000200001f0                hdma_usart2_rx
 .bss.rxBuf1.1  0x000000002000024c       0x80 ./Core/Src/main.o
 .bss.rxBuf2.0  0x00000000200002cc       0x80 ./Core/Src/main.o
 .bss.uwTick    0x000000002000034c        0x4 ./Drivers/STM32C0xx_HAL_Driver/Src/stm32c0xx_hal.o
                0x000000002000034c                uwTick
 *(COMMON)
                0x0000000020000350                . = ALIGN (0x4)
                0x0000000020000350                _ebss = .
                0x0000000020000350                __bss_end__ = _ebss

._user_heap_stack
                0x0000000020000350      0x600 load address 0x000000000800405c
                0x0000000020000350                . = ALIGN (0x8)
                [!provide]                        PROVIDE (end = .)
                0x0000000020000350                PROVIDE (_end = .)
                0x0000000020000550                . = (. + _Min_Heap_Size)
 *fill*         0x0000000020000350      0x200 
                0x0000000020000950                . = (. + _Min_Stack_Size)
 *fill*         0x0000000020000550      0x400 
                0x0000000020000950                . = ALIGN (0x8)

/DISCARD/
 libc.a(*)
 libm.a(*)
 libgcc.a(*)

.ARM.attributes
                0x0000000000000000       0x28
 *(.ARM.attributes)
 .ARM.attributes
                0x0000000000000000       0x1e c:/st/stm32cubeide_1.12.1/stm32cubeide/plugins/com.st.stm32cube.ide.mcu.externaltools.gnu-tools-for-stm32.10.3-2021.10.win32_1.0.200.202301161003/tools/bin/../lib/gcc/arm-none-eabi/10.3.1/thumb/v6-m/nofp/crti.o
 .ARM.attributes
                0x000000000000001e       0x2c c:/st/stm32cubeide_1.12.1/stm32cubeide/plugins/com.st.stm32cube.ide.mcu.externaltools.gnu-tools-for-stm32.10.3-2021.10.win32_1.0.200.202301161003/tools/bin/../lib/gcc/arm-none-eabi/10.3.1/thumb/v6-m/nofp/crtbegin.o
 .ARM.attributes
                0x000000000000004a       0x2c ./Core/Src/main.o
 .ARM.attributes
                0x0000000000000076       0x2c ./Core/Src/stm32c0xx_hal_msp.o
 .ARM.attributes
                0x00000000000000a2       0x2c ./Core/Src/stm32c0xx_it.o
 .ARM.attributes
                0x00000000000000ce       0x2c ./Core/Src/system_stm32c0xx.o
 .ARM.attributes
                0x00000000000000fa       0x22 ./Core/Startup/startup_stm32c011f4px.o
 .ARM.attributes
                0x000000000000011c       0x2c ./Drivers/STM32C0xx_HAL_Driver/Src/stm32c0xx_hal.o
 .ARM.attributes
                0x0000000000000148       0x2c ./Drivers/STM32C0xx_HAL_Driver/Src/stm32c0xx_hal_cortex.o
 .ARM.attributes
                0x0000000000000174       0x2c ./Drivers/STM32C0xx_HAL_Driver/Src/stm32c0xx_hal_dma.o
 .ARM.attributes
                0x00000000000001a0       0x2c ./Drivers/STM32C0xx_HAL_Driver/Src/stm32c0xx_hal_gpio.o
 .ARM.attributes
                0x00000000000001cc       0x2c ./Drivers/STM32C0xx_HAL_Driver/Src/stm32c0xx_hal_rcc.o
 .ARM.attributes
                0x00000000000001f8       0x2c ./Drivers/STM32C0xx_HAL_Driver/Src/stm32c0xx_hal_rcc_ex.o
 .ARM.attributes
                0x0000000000000224       0x2c ./Drivers/STM32C0xx_HAL_Driver/Src/stm32c0xx_hal_tim.o
 .ARM.attributes
                0x0000000000000250       0x2c ./Drivers/STM32C0xx_HAL_Driver/Src/stm32c0xx_hal_tim_ex.o
 .ARM.attributes
                0x000000000000027c       0x2c ./Drivers/STM32C0xx_HAL_Driver/Src/stm32c0xx_hal_uart.o
 .ARM.attributes
                0x00000000000002a8       0x2c ./Drivers/STM32C0xx_HAL_Driver/Src/stm32c0xx_hal_uart_ex.o
 .ARM.attributes
                0x00000000000002d4       0x2c c:/st/stm32cubeide_1.12.1/stm32cubeide/plugins/com.st.stm32cube.ide.mcu.externaltools.gnu-tools-for-stm32.10.3-2021.10.win32_1.0.200.202301161003/tools/bin/../lib/gcc/arm-none-eabi/10.3.1/../../../../arm-none-eabi/lib/thumb/v6-m/nofp\libc_nano.a(lib_a-init.o)
 .ARM.attributes
                0x0000000000000300       0x2c c:/st/stm32cubeide_1.12.1/stm32cubeide/plugins/com.st.stm32cube.ide.mcu.externaltools.gnu-tools-for-stm32.10.3-2021.10.win32_1.0.200.202301161003/tools/bin/../lib/gcc/arm-none-eabi/10.3.1/../../../../arm-none-eabi/lib/thumb/v6-m/nofp\libc_nano.a(lib_a-memset.o)
 .ARM.attributes
                0x000000000000032c       0x1e c:/st/stm32cubeide_1.12.1/stm32cubeide/plugins/com.st.stm32cube.ide.mcu.externaltools.gnu-tools-for-stm32.10.3-2021.10.win32_1.0.200.202301161003/tools/bin/../lib/gcc/arm-none-eabi/10.3.1/thumb/v6-m/nofp\libgcc.a(_udivsi3.o)
 .ARM.attributes
                0x000000000000034a       0x1e c:/st/stm32cubeide_1.12.1/stm32cubeide/plugins/com.st.stm32cube.ide.mcu.externaltools.gnu-tools-for-stm32.10.3-2021.10.win32_1.0.200.202301161003/tools/bin/../lib/gcc/arm-none-eabi/10.3.1/thumb/v6-m/nofp\libgcc.a(_divsi3.o)
 .ARM.attributes
                0x0000000000000368       0x1e c:/st/stm32cubeide_1.12.1/stm32cubeide/plugins/com.st.stm32cube.ide.mcu.externaltools.gnu-tools-for-stm32.10.3-2021.10.win32_1.0.200.202301161003/tools/bin/../lib/gcc/arm-none-eabi/10.3.1/thumb/v6-m/nofp\libgcc.a(_dvmd_tls.o)
 .ARM.attributes
                0x0000000000000386       0x1e c:/st/stm32cubeide_1.12.1/stm32cubeide/plugins/com.st.stm32cube.ide.mcu.externaltools.gnu-tools-for-stm32.10.3-2021.10.win32_1.0.200.202301161003/tools/bin/../lib/gcc/arm-none-eabi/10.3.1/thumb/v6-m/nofp/crtn.o
OUTPUT(C0_test.elf elf32-littlearm)
LOAD linker stubs
LOAD c:/st/stm32cubeide_1.12.1/stm32cubeide/plugins/com.st.stm32cube.ide.mcu.externaltools.gnu-tools-for-stm32.10.3-2021.10.win32_1.0.200.202301161003/tools/bin/../lib/gcc/arm-none-eabi/10.3.1/../../../../arm-none-eabi/lib/thumb/v6-m/nofp\libc.a
LOAD c:/st/stm32cubeide_1.12.1/stm32cubeide/plugins/com.st.stm32cube.ide.mcu.externaltools.gnu-tools-for-stm32.10.3-2021.10.win32_1.0.200.202301161003/tools/bin/../lib/gcc/arm-none-eabi/10.3.1/../../../../arm-none-eabi/lib/thumb/v6-m/nofp\libm.a
LOAD c:/st/stm32cubeide_1.12.1/stm32cubeide/plugins/com.st.stm32cube.ide.mcu.externaltools.gnu-tools-for-stm32.10.3-2021.10.win32_1.0.200.202301161003/tools/bin/../lib/gcc/arm-none-eabi/10.3.1/thumb/v6-m/nofp\libgcc.a

.debug_info     0x0000000000000000     0xfb55
 .debug_info    0x0000000000000000     0x14ae ./Core/Src/main.o
 .debug_info    0x00000000000014ae     0x10c0 ./Core/Src/stm32c0xx_hal_msp.o
 .debug_info    0x000000000000256e      0x447 ./Core/Src/stm32c0xx_it.o
 .debug_info    0x00000000000029b5      0x371 ./Core/Src/system_stm32c0xx.o
 .debug_info    0x0000000000002d26       0x22 ./Core/Startup/startup_stm32c011f4px.o
 .debug_info    0x0000000000002d48      0x839 ./Drivers/STM32C0xx_HAL_Driver/Src/stm32c0xx_hal.o
 .debug_info    0x0000000000003581      0x8a7 ./Drivers/STM32C0xx_HAL_Driver/Src/stm32c0xx_hal_cortex.o
 .debug_info    0x0000000000003e28      0x882 ./Drivers/STM32C0xx_HAL_Driver/Src/stm32c0xx_hal_dma.o
 .debug_info    0x00000000000046aa      0x598 ./Drivers/STM32C0xx_HAL_Driver/Src/stm32c0xx_hal_gpio.o
 .debug_info    0x0000000000004c42      0x910 ./Drivers/STM32C0xx_HAL_Driver/Src/stm32c0xx_hal_rcc.o
 .debug_info    0x0000000000005552      0x5b1 ./Drivers/STM32C0xx_HAL_Driver/Src/stm32c0xx_hal_rcc_ex.o
 .debug_info    0x0000000000005b03     0x2d9d ./Drivers/STM32C0xx_HAL_Driver/Src/stm32c0xx_hal_tim.o
 .debug_info    0x00000000000088a0     0x19a1 ./Drivers/STM32C0xx_HAL_Driver/Src/stm32c0xx_hal_tim_ex.o
 .debug_info    0x000000000000a241     0x4958 ./Drivers/STM32C0xx_HAL_Driver/Src/stm32c0xx_hal_uart.o
 .debug_info    0x000000000000eb99      0xfbc ./Drivers/STM32C0xx_HAL_Driver/Src/stm32c0xx_hal_uart_ex.o

.debug_abbrev   0x0000000000000000     0x201a
 .debug_abbrev  0x0000000000000000      0x2ee ./Core/Src/main.o
 .debug_abbrev  0x00000000000002ee      0x234 ./Core/Src/stm32c0xx_hal_msp.o
 .debug_abbrev  0x0000000000000522      0x130 ./Core/Src/stm32c0xx_it.o
 .debug_abbrev  0x0000000000000652      0x116 ./Core/Src/system_stm32c0xx.o
 .debug_abbrev  0x0000000000000768       0x12 ./Core/Startup/startup_stm32c011f4px.o
 .debug_abbrev  0x000000000000077a      0x2db ./Drivers/STM32C0xx_HAL_Driver/Src/stm32c0xx_hal.o
 .debug_abbrev  0x0000000000000a55      0x2ac ./Drivers/STM32C0xx_HAL_Driver/Src/stm32c0xx_hal_cortex.o
 .debug_abbrev  0x0000000000000d01      0x1cf ./Drivers/STM32C0xx_HAL_Driver/Src/stm32c0xx_hal_dma.o
 .debug_abbrev  0x0000000000000ed0      0x1ca ./Drivers/STM32C0xx_HAL_Driver/Src/stm32c0xx_hal_gpio.o
 .debug_abbrev  0x000000000000109a      0x29d ./Drivers/STM32C0xx_HAL_Driver/Src/stm32c0xx_hal_rcc.o
 .debug_abbrev  0x0000000000001337      0x216 ./Drivers/STM32C0xx_HAL_Driver/Src/stm32c0xx_hal_rcc_ex.o
 .debug_abbrev  0x000000000000154d      0x26e ./Drivers/STM32C0xx_HAL_Driver/Src/stm32c0xx_hal_tim.o
 .debug_abbrev  0x00000000000017bb      0x28b ./Drivers/STM32C0xx_HAL_Driver/Src/stm32c0xx_hal_tim_ex.o
 .debug_abbrev  0x0000000000001a46      0x2ff ./Drivers/STM32C0xx_HAL_Driver/Src/stm32c0xx_hal_uart.o
 .debug_abbrev  0x0000000000001d45      0x2d5 ./Drivers/STM32C0xx_HAL_Driver/Src/stm32c0xx_hal_uart_ex.o

.debug_aranges  0x0000000000000000      0xd58
 .debug_aranges
                0x0000000000000000       0x58 ./Core/Src/main.o
 .debug_aranges
                0x0000000000000058       0x48 ./Core/Src/stm32c0xx_hal_msp.o
 .debug_aranges
                0x00000000000000a0       0x50 ./Core/Src/stm32c0xx_it.o
 .debug_aranges
                0x00000000000000f0       0x28 ./Core/Src/system_stm32c0xx.o
 .debug_aranges
                0x0000000000000118       0x28 ./Core/Startup/startup_stm32c011f4px.o
 .debug_aranges
                0x0000000000000140      0x110 ./Drivers/STM32C0xx_HAL_Driver/Src/stm32c0xx_hal.o
 .debug_aranges
                0x0000000000000250       0xd8 ./Drivers/STM32C0xx_HAL_Driver/Src/stm32c0xx_hal_cortex.o
 .debug_aranges
                0x0000000000000328       0x90 ./Drivers/STM32C0xx_HAL_Driver/Src/stm32c0xx_hal_dma.o
 .debug_aranges
                0x00000000000003b8       0x60 ./Drivers/STM32C0xx_HAL_Driver/Src/stm32c0xx_hal_gpio.o
 .debug_aranges
                0x0000000000000418       0xa0 ./Drivers/STM32C0xx_HAL_Driver/Src/stm32c0xx_hal_rcc.o
 .debug_aranges
                0x00000000000004b8       0x40 ./Drivers/STM32C0xx_HAL_Driver/Src/stm32c0xx_hal_rcc_ex.o
 .debug_aranges
                0x00000000000004f8      0x3e0 ./Drivers/STM32C0xx_HAL_Driver/Src/stm32c0xx_hal_tim.o
 .debug_aranges
                0x00000000000008d8      0x198 ./Drivers/STM32C0xx_HAL_Driver/Src/stm32c0xx_hal_tim_ex.o
 .debug_aranges
                0x0000000000000a70      0x248 ./Drivers/STM32C0xx_HAL_Driver/Src/stm32c0xx_hal_uart.o
 .debug_aranges
                0x0000000000000cb8       0xa0 ./Drivers/STM32C0xx_HAL_Driver/Src/stm32c0xx_hal_uart_ex.o

.debug_ranges   0x0000000000000000      0xca0
 .debug_ranges  0x0000000000000000       0x48 ./Core/Src/main.o
 .debug_ranges  0x0000000000000048       0x38 ./Core/Src/stm32c0xx_hal_msp.o
 .debug_ranges  0x0000000000000080       0x40 ./Core/Src/stm32c0xx_it.o
 .debug_ranges  0x00000000000000c0       0x18 ./Core/Src/system_stm32c0xx.o
 .debug_ranges  0x00000000000000d8       0x20 ./Core/Startup/startup_stm32c011f4px.o
 .debug_ranges  0x00000000000000f8      0x100 ./Drivers/STM32C0xx_HAL_Driver/Src/stm32c0xx_hal.o
 .debug_ranges  0x00000000000001f8       0xc8 ./Drivers/STM32C0xx_HAL_Driver/Src/stm32c0xx_hal_cortex.o
 .debug_ranges  0x00000000000002c0       0x80 ./Drivers/STM32C0xx_HAL_Driver/Src/stm32c0xx_hal_dma.o
 .debug_ranges  0x0000000000000340       0x50 ./Drivers/STM32C0xx_HAL_Driver/Src/stm32c0xx_hal_gpio.o
 .debug_ranges  0x0000000000000390       0x90 ./Drivers/STM32C0xx_HAL_Driver/Src/stm32c0xx_hal_rcc.o
 .debug_ranges  0x0000000000000420       0x30 ./Drivers/STM32C0xx_HAL_Driver/Src/stm32c0xx_hal_rcc_ex.o
 .debug_ranges  0x0000000000000450      0x3d0 ./Drivers/STM32C0xx_HAL_Driver/Src/stm32c0xx_hal_tim.o
 .debug_ranges  0x0000000000000820      0x188 ./Drivers/STM32C0xx_HAL_Driver/Src/stm32c0xx_hal_tim_ex.o
 .debug_ranges  0x00000000000009a8      0x268 ./Drivers/STM32C0xx_HAL_Driver/Src/stm32c0xx_hal_uart.o
 .debug_ranges  0x0000000000000c10       0x90 ./Drivers/STM32C0xx_HAL_Driver/Src/stm32c0xx_hal_uart_ex.o

.debug_macro    0x0000000000000000    0x13033
 .debug_macro   0x0000000000000000      0x1da ./Core/Src/main.o
 .debug_macro   0x00000000000001da      0xa4e ./Core/Src/main.o
 .debug_macro   0x0000000000000c28       0x2e ./Core/Src/main.o
 .debug_macro   0x0000000000000c56       0x28 ./Core/Src/main.o
 .debug_macro   0x0000000000000c7e       0x22 ./Core/Src/main.o
 .debug_macro   0x0000000000000ca0       0x8e ./Core/Src/main.o
 .debug_macro   0x0000000000000d2e       0x51 ./Core/Src/main.o
 .debug_macro   0x0000000000000d7f      0x103 ./Core/Src/main.o
 .debug_macro   0x0000000000000e82       0x6a ./Core/Src/main.o
 .debug_macro   0x0000000000000eec      0x1df ./Core/Src/main.o
 .debug_macro   0x00000000000010cb       0x1c ./Core/Src/main.o
 .debug_macro   0x00000000000010e7       0x22 ./Core/Src/main.o
 .debug_macro   0x0000000000001109       0xd1 ./Core/Src/main.o
 .debug_macro   0x00000000000011da      0x4da ./Core/Src/main.o
 .debug_macro   0x00000000000016b4      0x11f ./Core/Src/main.o
 .debug_macro   0x00000000000017d3     0x911a ./Core/Src/main.o
 .debug_macro   0x000000000000a8ed       0x6c ./Core/Src/main.o
 .debug_macro   0x000000000000a959      0x142 ./Core/Src/main.o
 .debug_macro   0x000000000000aa9b       0xe9 ./Core/Src/main.o
 .debug_macro   0x000000000000ab84     0x340f ./Core/Src/main.o
 .debug_macro   0x000000000000df93      0x174 ./Core/Src/main.o
 .debug_macro   0x000000000000e107       0x5a ./Core/Src/main.o
 .debug_macro   0x000000000000e161      0x35f ./Core/Src/main.o
 .debug_macro   0x000000000000e4c0      0xaee ./Core/Src/main.o
 .debug_macro   0x000000000000efae      0x136 ./Core/Src/main.o
 .debug_macro   0x000000000000f0e4      0x158 ./Core/Src/main.o
 .debug_macro   0x000000000000f23c      0x166 ./Core/Src/main.o
 .debug_macro   0x000000000000f3a2      0x264 ./Core/Src/main.o
 .debug_macro   0x000000000000f606      0x17e ./Core/Src/main.o
 .debug_macro   0x000000000000f784       0x43 ./Core/Src/main.o
 .debug_macro   0x000000000000f7c7      0x1f1 ./Core/Src/main.o
 .debug_macro   0x000000000000f9b8      0x1aa ./Core/Src/main.o
 .debug_macro   0x000000000000fb62      0x34b ./Core/Src/main.o
 .debug_macro   0x000000000000fead       0x28 ./Core/Src/main.o
 .debug_macro   0x000000000000fed5       0xba ./Core/Src/main.o
 .debug_macro   0x000000000000ff8f       0xff ./Core/Src/main.o
 .debug_macro   0x000000000001008e       0xc6 ./Core/Src/main.o
 .debug_macro   0x0000000000010154      0xa9f ./Core/Src/main.o
 .debug_macro   0x0000000000010bf3      0x10a ./Core/Src/main.o
 .debug_macro   0x0000000000010cfd      0x669 ./Core/Src/main.o
 .debug_macro   0x0000000000011366       0xa6 ./Core/Src/main.o
 .debug_macro   0x000000000001140c      0x3aa ./Core/Src/main.o
 .debug_macro   0x00000000000117b6      0x1da ./Core/Src/stm32c0xx_hal_msp.o
 .debug_macro   0x0000000000011990      0x1e4 ./Core/Src/stm32c0xx_it.o
 .debug_macro   0x0000000000011b74      0x1d6 ./Core/Src/system_stm32c0xx.o
 .debug_macro   0x0000000000011d4a      0x1ee ./Drivers/STM32C0xx_HAL_Driver/Src/stm32c0xx_hal.o
 .debug_macro   0x0000000000011f38      0x1d0 ./Drivers/STM32C0xx_HAL_Driver/Src/stm32c0xx_hal_cortex.o
 .debug_macro   0x0000000000012108      0x1d0 ./Drivers/STM32C0xx_HAL_Driver/Src/stm32c0xx_hal_dma.o
 .debug_macro   0x00000000000122d8      0x202 ./Drivers/STM32C0xx_HAL_Driver/Src/stm32c0xx_hal_gpio.o
 .debug_macro   0x00000000000124da      0x200 ./Drivers/STM32C0xx_HAL_Driver/Src/stm32c0xx_hal_rcc.o
 .debug_macro   0x00000000000126da      0x1e2 ./Drivers/STM32C0xx_HAL_Driver/Src/stm32c0xx_hal_rcc_ex.o
 .debug_macro   0x00000000000128bc      0x1d8 ./Drivers/STM32C0xx_HAL_Driver/Src/stm32c0xx_hal_tim.o
 .debug_macro   0x0000000000012a94      0x1d6 ./Drivers/STM32C0xx_HAL_Driver/Src/stm32c0xx_hal_tim_ex.o
 .debug_macro   0x0000000000012c6a      0x1ed ./Drivers/STM32C0xx_HAL_Driver/Src/stm32c0xx_hal_uart.o
 .debug_macro   0x0000000000012e57      0x1dc ./Drivers/STM32C0xx_HAL_Driver/Src/stm32c0xx_hal_uart_ex.o

.debug_line     0x0000000000000000     0xfe26
 .debug_line    0x0000000000000000      0x965 ./Core/Src/main.o
 .debug_line    0x0000000000000965      0x857 ./Core/Src/stm32c0xx_hal_msp.o
 .debug_line    0x00000000000011bc      0x785 ./Core/Src/stm32c0xx_it.o
 .debug_line    0x0000000000001941      0x736 ./Core/Src/system_stm32c0xx.o
 .debug_line    0x0000000000002077       0x89 ./Core/Startup/startup_stm32c011f4px.o
 .debug_line    0x0000000000002100      0xa7c ./Drivers/STM32C0xx_HAL_Driver/Src/stm32c0xx_hal.o
 .debug_line    0x0000000000002b7c      0xb1a ./Drivers/STM32C0xx_HAL_Driver/Src/stm32c0xx_hal_cortex.o
 .debug_line    0x0000000000003696      0xd4b ./Drivers/STM32C0xx_HAL_Driver/Src/stm32c0xx_hal_dma.o
 .debug_line    0x00000000000043e1      0xb17 ./Drivers/STM32C0xx_HAL_Driver/Src/stm32c0xx_hal_gpio.o
 .debug_line    0x0000000000004ef8      0xd11 ./Drivers/STM32C0xx_HAL_Driver/Src/stm32c0xx_hal_rcc.o
 .debug_line    0x0000000000005c09      0x994 ./Drivers/STM32C0xx_HAL_Driver/Src/stm32c0xx_hal_rcc_ex.o
 .debug_line    0x000000000000659d     0x3aa0 ./Drivers/STM32C0xx_HAL_Driver/Src/stm32c0xx_hal_tim.o
 .debug_line    0x000000000000a03d     0x1b99 ./Drivers/STM32C0xx_HAL_Driver/Src/stm32c0xx_hal_tim_ex.o
 .debug_line    0x000000000000bbd6     0x3478 ./Drivers/STM32C0xx_HAL_Driver/Src/stm32c0xx_hal_uart.o
 .debug_line    0x000000000000f04e      0xdd8 ./Drivers/STM32C0xx_HAL_Driver/Src/stm32c0xx_hal_uart_ex.o

.debug_str      0x0000000000000000    0x7a0c1
 .debug_str     0x0000000000000000    0x76d77 ./Core/Src/main.o
                                      0x773ed (size before relaxing)
 .debug_str     0x0000000000076d77      0x1fb ./Core/Src/stm32c0xx_hal_msp.o
                                      0x76f41 (size before relaxing)
 .debug_str     0x0000000000076f72       0xc9 ./Core/Src/stm32c0xx_it.o
                                      0x76770 (size before relaxing)
 .debug_str     0x000000000007703b       0xb7 ./Core/Src/system_stm32c0xx.o
                                      0x7652c (size before relaxing)
 .debug_str     0x00000000000770f2       0x36 ./Core/Startup/startup_stm32c011f4px.o
                                         0x57 (size before relaxing)
 .debug_str     0x0000000000077128      0x3f5 ./Drivers/STM32C0xx_HAL_Driver/Src/stm32c0xx_hal.o
                                      0x76ae9 (size before relaxing)
 .debug_str     0x000000000007751d      0x25d ./Drivers/STM32C0xx_HAL_Driver/Src/stm32c0xx_hal_cortex.o
                                      0x76911 (size before relaxing)
 .debug_str     0x000000000007777a      0x28b ./Drivers/STM32C0xx_HAL_Driver/Src/stm32c0xx_hal_dma.o
                                      0x769aa (size before relaxing)
 .debug_str     0x0000000000077a05      0x23f ./Drivers/STM32C0xx_HAL_Driver/Src/stm32c0xx_hal_gpio.o
                                      0x766fc (size before relaxing)
 .debug_str     0x0000000000077c44      0x457 ./Drivers/STM32C0xx_HAL_Driver/Src/stm32c0xx_hal_rcc.o
                                      0x76b0c (size before relaxing)
 .debug_str     0x000000000007809b      0x128 ./Drivers/STM32C0xx_HAL_Driver/Src/stm32c0xx_hal_rcc_ex.o
                                      0x7679c (size before relaxing)
 .debug_str     0x00000000000781c3      0xe0a ./Drivers/STM32C0xx_HAL_Driver/Src/stm32c0xx_hal_tim.o
                                      0x77a42 (size before relaxing)
 .debug_str     0x0000000000078fcd      0x561 ./Drivers/STM32C0xx_HAL_Driver/Src/stm32c0xx_hal_tim_ex.o
                                      0x773e0 (size before relaxing)
 .debug_str     0x000000000007952e      0x949 ./Drivers/STM32C0xx_HAL_Driver/Src/stm32c0xx_hal_uart.o
                                      0x7745b (size before relaxing)
 .debug_str     0x0000000000079e77      0x24a ./Drivers/STM32C0xx_HAL_Driver/Src/stm32c0xx_hal_uart_ex.o
                                      0x76d6a (size before relaxing)

.comment        0x0000000000000000       0x50
 .comment       0x0000000000000000       0x50 ./Core/Src/main.o
                                         0x51 (size before relaxing)
 .comment       0x0000000000000050       0x51 ./Core/Src/stm32c0xx_hal_msp.o
 .comment       0x0000000000000050       0x51 ./Core/Src/stm32c0xx_it.o
 .comment       0x0000000000000050       0x51 ./Core/Src/system_stm32c0xx.o
 .comment       0x0000000000000050       0x51 ./Drivers/STM32C0xx_HAL_Driver/Src/stm32c0xx_hal.o
 .comment       0x0000000000000050       0x51 ./Drivers/STM32C0xx_HAL_Driver/Src/stm32c0xx_hal_cortex.o
 .comment       0x0000000000000050       0x51 ./Drivers/STM32C0xx_HAL_Driver/Src/stm32c0xx_hal_dma.o
 .comment       0x0000000000000050       0x51 ./Drivers/STM32C0xx_HAL_Driver/Src/stm32c0xx_hal_gpio.o
 .comment       0x0000000000000050       0x51 ./Drivers/STM32C0xx_HAL_Driver/Src/stm32c0xx_hal_rcc.o
 .comment       0x0000000000000050       0x51 ./Drivers/STM32C0xx_HAL_Driver/Src/stm32c0xx_hal_rcc_ex.o
 .comment       0x0000000000000050       0x51 ./Drivers/STM32C0xx_HAL_Driver/Src/stm32c0xx_hal_tim.o
 .comment       0x0000000000000050       0x51 ./Drivers/STM32C0xx_HAL_Driver/Src/stm32c0xx_hal_tim_ex.o
 .comment       0x0000000000000050       0x51 ./Drivers/STM32C0xx_HAL_Driver/Src/stm32c0xx_hal_uart.o
 .comment       0x0000000000000050       0x51 ./Drivers/STM32C0xx_HAL_Driver/Src/stm32c0xx_hal_uart_ex.o

.debug_frame    0x0000000000000000     0x3064
 .debug_frame   0x0000000000000000      0x104 ./Core/Src/main.o
 .debug_frame   0x0000000000000104       0xd0 ./Core/Src/stm32c0xx_hal_msp.o
 .debug_frame   0x00000000000001d4       0xd4 ./Core/Src/stm32c0xx_it.o
 .debug_frame   0x00000000000002a8       0x4c ./Core/Src/system_stm32c0xx.o
 .debug_frame   0x00000000000002f4      0x398 ./Drivers/STM32C0xx_HAL_Driver/Src/stm32c0xx_hal.o
 .debug_frame   0x000000000000068c      0x2fc ./Drivers/STM32C0xx_HAL_Driver/Src/stm32c0xx_hal_cortex.o
 .debug_frame   0x0000000000000988      0x1f0 ./Drivers/STM32C0xx_HAL_Driver/Src/stm32c0xx_hal_dma.o
 .debug_frame   0x0000000000000b78      0x130 ./Drivers/STM32C0xx_HAL_Driver/Src/stm32c0xx_hal_gpio.o
 .debug_frame   0x0000000000000ca8      0x214 ./Drivers/STM32C0xx_HAL_Driver/Src/stm32c0xx_hal_rcc.o
 .debug_frame   0x0000000000000ebc       0xac ./Drivers/STM32C0xx_HAL_Driver/Src/stm32c0xx_hal_rcc_ex.o
 .debug_frame   0x0000000000000f68      0xf40 ./Drivers/STM32C0xx_HAL_Driver/Src/stm32c0xx_hal_tim.o
 .debug_frame   0x0000000000001ea8      0x620 ./Drivers/STM32C0xx_HAL_Driver/Src/stm32c0xx_hal_tim_ex.o
 .debug_frame   0x00000000000024c8      0x8d4 ./Drivers/STM32C0xx_HAL_Driver/Src/stm32c0xx_hal_uart.o
 .debug_frame   0x0000000000002d9c      0x23c ./Drivers/STM32C0xx_HAL_Driver/Src/stm32c0xx_hal_uart_ex.o
 .debug_frame   0x0000000000002fd8       0x2c c:/st/stm32cubeide_1.12.1/stm32cubeide/plugins/com.st.stm32cube.ide.mcu.externaltools.gnu-tools-for-stm32.10.3-2021.10.win32_1.0.200.202301161003/tools/bin/../lib/gcc/arm-none-eabi/10.3.1/../../../../arm-none-eabi/lib/thumb/v6-m/nofp\libc_nano.a(lib_a-init.o)
 .debug_frame   0x0000000000003004       0x20 c:/st/stm32cubeide_1.12.1/stm32cubeide/plugins/com.st.stm32cube.ide.mcu.externaltools.gnu-tools-for-stm32.10.3-2021.10.win32_1.0.200.202301161003/tools/bin/../lib/gcc/arm-none-eabi/10.3.1/../../../../arm-none-eabi/lib/thumb/v6-m/nofp\libc_nano.a(lib_a-memset.o)
 .debug_frame   0x0000000000003024       0x20 c:/st/stm32cubeide_1.12.1/stm32cubeide/plugins/com.st.stm32cube.ide.mcu.externaltools.gnu-tools-for-stm32.10.3-2021.10.win32_1.0.200.202301161003/tools/bin/../lib/gcc/arm-none-eabi/10.3.1/thumb/v6-m/nofp\libgcc.a(_udivsi3.o)
 .debug_frame   0x0000000000003044       0x20 c:/st/stm32cubeide_1.12.1/stm32cubeide/plugins/com.st.stm32cube.ide.mcu.externaltools.gnu-tools-for-stm32.10.3-2021.10.win32_1.0.200.202301161003/tools/bin/../lib/gcc/arm-none-eabi/10.3.1/thumb/v6-m/nofp\libgcc.a(_divsi3.o)
