../Core/Src/main.c:76:6:UpdateNeoPixelBuffer	16	static
../Core/Src/main.c:86:6:TurnOffNeoPixelBuffer	16	static
../Core/Src/main.c:96:6:ResetNeoPixel	16	static
../Core/Src/main.c:108:6:UpdateNeoPixel	24	static
../Core/Src/main.c:139:5:main	16	static
../Core/Src/main.c:188:6:SystemClock_Config	72	static
../Core/Src/main.c:227:13:MX_SPI1_Init	8	static
../Core/Src/main.c:267:13:MX_USART2_UART_Init	8	static
../Core/Src/main.c:302:13:MX_GPIO_Init	16	static
../Core/Src/main.c:323:6:Error_Handler	4	static,ignoring_inline_asm
