../Core/Src/main.c:72:10:readADC	8	static
../Core/Src/main.c:85:5:main	64	static
../Core/Src/main.c:200:6:SystemClock_Config	64	static
../Core/Src/main.c:235:13:MX_ADC1_Init	24	static
../Core/Src/main.c:294:13:MX_TIM1_Init	120	static
../Core/Src/main.c:376:13:MX_USART1_UART_Init	8	static
../Core/Src/main.c:424:13:MX_USART2_UART_Init	8	static
../Core/Src/main.c:458:13:MX_DMA_Init	16	static
../Core/Src/main.c:479:13:MX_GPIO_Init	24	static
../Core/Src/main.c:494:5:_write	24	static
../Core/Src/main.c:506:6:Error_Handler	8	static,ignoring_inline_asm
