../Core/Src/main.c:89:5:main	8	static
../Core/Src/main.c:141:6:SystemClock_Config	88	static
../Core/Src/main.c:183:13:MX_DAC_Init	16	static
../Core/Src/main.c:223:13:MX_I2C1_Init	8	static
../Core/Src/main.c:257:13:MX_TIM3_Init	48	static
../Core/Src/main.c:318:13:MX_TIM4_Init	48	static
../Core/Src/main.c:367:13:MX_USART1_UART_Init	8	static
../Core/Src/main.c:400:13:MX_USART2_UART_Init	8	static
../Core/Src/main.c:433:13:MX_USART3_UART_Init	8	static
../Core/Src/main.c:466:13:MX_USART6_UART_Init	8	static
../Core/Src/main.c:497:13:MX_DMA_Init	16	static
../Core/Src/main.c:527:13:MX_GPIO_Init	48	static
../Core/Src/main.c:559:6:Error_Handler	4	static,ignoring_inline_asm
