../Core/Inc/bno055_stm32.h:20:6:bno055_assignI2C	16	static
../Core/Inc/bno055_stm32.h:24:6:bno055_delay	16	static
../Core/Inc/bno055_stm32.h:32:6:bno055_writeData	40	static
../Core/Inc/bno055_stm32.h:96:6:bno055_readData	24	static
../Core/Src/main.c:71:5:main	56	static
../Core/Src/main.c:129:6:SystemClock_Config	96	static
../Core/Src/main.c:173:13:MX_I2C1_Init	8	static
../Core/Src/main.c:221:13:MX_USART2_UART_Init	8	static
../Core/Src/main.c:256:13:MX_GPIO_Init	24	static
../Core/Src/main.c:271:5:_write	24	static
../Core/Src/main.c:283:6:Error_Handler	4	static,ignoring_inline_asm
